[2026-05-22 23:34:21.841] [jointLog] [info] setting maxHashResizeThreads to 14
[2026-05-22 23:34:21.841] [jointLog] [info] Fragment incompatibility prior below threshold.  Incompatible fragments will be ignored.
[2026-05-22 23:34:21.841] [jointLog] [info] Usage of --validateMappings implies use of minScoreFraction. Since not explicitly specified, it is being set to 0.65
[2026-05-22 23:34:21.841] [jointLog] [info] Setting consensusSlack to selective-alignment default of 0.35.
[2026-05-22 23:34:21.841] [jointLog] [info] parsing read library format
[2026-05-22 23:34:21.841] [jointLog] [info] There is 1 library.
[2026-05-22 23:34:21.842] [jointLog] [info] Loading pufferfish index
[2026-05-22 23:34:21.842] [jointLog] [info] Loading dense pufferfish index.
[2026-05-22 23:35:04.285] [jointLog] [info] done
[2026-05-22 23:35:04.506] [jointLog] [info] Index contained 238,636 targets
[2026-05-22 23:35:04.765] [jointLog] [info] Number of decoys : 194
[2026-05-22 23:35:04.765] [jointLog] [info] First decoy index : 238,404 
[2026-05-22 23:35:10.420] [jointLog] [info] Automatically detected most likely library type as ISR

[2026-05-22 23:53:49.390] [jointLog] [info] Thread saw mini-batch with a maximum of 1.44% zero probability fragments
[2026-05-22 23:53:49.492] [jointLog] [info] Thread saw mini-batch with a maximum of 1.52% zero probability fragments
[2026-05-22 23:53:49.501] [jointLog] [info] Thread saw mini-batch with a maximum of 1.44% zero probability fragments
[2026-05-22 23:53:49.565] [jointLog] [info] Thread saw mini-batch with a maximum of 1.36% zero probability fragments
[2026-05-22 23:53:49.567] [jointLog] [info] Thread saw mini-batch with a maximum of 1.44% zero probability fragments
[2026-05-22 23:53:49.619] [jointLog] [info] Thread saw mini-batch with a maximum of 1.34% zero probability fragments
[2026-05-22 23:53:49.691] [jointLog] [info] Thread saw mini-batch with a maximum of 1.40% zero probability fragments
[2026-05-22 23:53:49.810] [jointLog] [info] Thread saw mini-batch with a maximum of 1.34% zero probability fragments
[2026-05-22 23:53:49.828] [jointLog] [info] Thread saw mini-batch with a maximum of 1.38% zero probability fragments
[2026-05-22 23:53:49.869] [jointLog] [info] Thread saw mini-batch with a maximum of 1.42% zero probability fragments
[2026-05-22 23:53:49.914] [jointLog] [info] Thread saw mini-batch with a maximum of 1.34% zero probability fragments
[2026-05-22 23:53:49.984] [jointLog] [info] Thread saw mini-batch with a maximum of 1.34% zero probability fragments
[2026-05-22 23:53:49.985] [jointLog] [info] Thread saw mini-batch with a maximum of 1.38% zero probability fragments
[2026-05-22 23:53:50.036] [jointLog] [info] Thread saw mini-batch with a maximum of 1.38% zero probability fragments
[2026-05-22 23:53:52.717] [jointLog] [info] Computed 834,051 rich equivalence classes for further processing
[2026-05-22 23:53:52.718] [jointLog] [info] Counted 29,430,393 total reads in the equivalence classes 
[2026-05-22 23:53:52.735] [jointLog] [info] Number of mappings discarded because of alignment score : 12,959,280
[2026-05-22 23:53:52.735] [jointLog] [info] Number of fragments entirely discarded because of alignment score : 3,050,546
[2026-05-22 23:53:52.735] [jointLog] [info] Number of fragments discarded because they are best-mapped to decoys : 2,882,378
[2026-05-22 23:53:52.735] [jointLog] [info] Number of fragments discarded because they have only dovetail (discordant) mappings to valid targets : 197,894
[2026-05-22 23:53:52.736] [jointLog] [info] Mapping rate = 59.2126%

[2026-05-22 23:53:52.736] [jointLog] [info] finished quantifyLibrary()
[2026-05-22 23:53:52.750] [jointLog] [info] Starting optimizer
[2026-05-22 23:53:52.719] [fileLog] [info] 
At end of round 0
==================
Observed 49702891 total fragments (49702891 in most recent round)

[2026-05-22 23:53:53.569] [jointLog] [info] Marked 0 weighted equivalence classes as degenerate
[2026-05-22 23:53:53.606] [jointLog] [info] iteration = 0 | max rel diff. = 5059.9
[2026-05-22 23:53:57.192] [jointLog] [info] iteration = 100 | max rel diff. = 19.8962
[2026-05-22 23:54:00.836] [jointLog] [info] iteration = 200 | max rel diff. = 17.7611
[2026-05-22 23:54:04.471] [jointLog] [info] iteration = 300 | max rel diff. = 18.5001
[2026-05-22 23:54:08.089] [jointLog] [info] iteration = 400 | max rel diff. = 18.0486
[2026-05-22 23:54:11.719] [jointLog] [info] iteration = 500 | max rel diff. = 8.82674
[2026-05-22 23:54:15.352] [jointLog] [info] iteration = 600 | max rel diff. = 1.39095
[2026-05-22 23:54:19.001] [jointLog] [info] iteration = 700 | max rel diff. = 2.44307
[2026-05-22 23:54:22.666] [jointLog] [info] iteration = 800 | max rel diff. = 1.21382
[2026-05-22 23:54:26.330] [jointLog] [info] iteration = 900 | max rel diff. = 4.09933
[2026-05-22 23:54:29.994] [jointLog] [info] iteration = 1,000 | max rel diff. = 8.86547
[2026-05-22 23:54:33.654] [jointLog] [info] iteration = 1,100 | max rel diff. = 4.09586
[2026-05-22 23:54:37.326] [jointLog] [info] iteration = 1,200 | max rel diff. = 0.241918
[2026-05-22 23:54:41.004] [jointLog] [info] iteration = 1,300 | max rel diff. = 0.0991356
[2026-05-22 23:54:45.544] [jointLog] [info] iteration = 1,400 | max rel diff. = 3.77666
[2026-05-22 23:55:04.256] [jointLog] [info] iteration = 1,500 | max rel diff. = 0.330326
[2026-05-22 23:55:22.794] [jointLog] [info] iteration = 1,600 | max rel diff. = 0.35178
[2026-05-22 23:55:41.439] [jointLog] [info] iteration = 1,700 | max rel diff. = 0.551877
[2026-05-22 23:56:00.123] [jointLog] [info] iteration = 1,800 | max rel diff. = 0.0703148
[2026-05-22 23:56:14.885] [jointLog] [info] iteration = 1,900 | max rel diff. = 0.196221
[2026-05-22 23:56:18.400] [jointLog] [info] iteration = 2,000 | max rel diff. = 0.07145
[2026-05-22 23:56:21.913] [jointLog] [info] iteration = 2,100 | max rel diff. = 0.988114
[2026-05-22 23:56:25.436] [jointLog] [info] iteration = 2,200 | max rel diff. = 0.0843738
[2026-05-22 23:56:28.968] [jointLog] [info] iteration = 2,300 | max rel diff. = 0.0386531
[2026-05-22 23:56:32.518] [jointLog] [info] iteration = 2,400 | max rel diff. = 0.114279
[2026-05-22 23:56:36.098] [jointLog] [info] iteration = 2,500 | max rel diff. = 0.126161
[2026-05-22 23:56:39.686] [jointLog] [info] iteration = 2,600 | max rel diff. = 0.0844348
[2026-05-22 23:56:41.592] [jointLog] [info] iteration = 2,654 | max rel diff. = 0.00998625
[2026-05-22 23:56:41.599] [jointLog] [info] Finished optimizer
[2026-05-22 23:56:41.599] [jointLog] [info] writing output 

