[2026-10-06 15:04:19.147] [jointLog] [info] setting maxHashResizeThreads to 4
[2026-10-06 15:04:19.147] [jointLog] [info] Fragment incompatibility prior below threshold.  Incompatible fragments will be ignored.
[2026-10-06 15:04:19.147] [jointLog] [info] Usage of --validateMappings implies use of minScoreFraction. Since not explicitly specified, it is being set to 0.65
[2026-10-06 15:04:19.147] [jointLog] [info] Setting consensusSlack to selective-alignment default of 0.35.
[2026-10-06 15:04:19.147] [jointLog] [info] parsing read library format
[2026-10-06 15:04:19.148] [jointLog] [info] There is 1 library.
[2026-10-06 15:04:19.181] [jointLog] [info] Loading pufferfish index
[2026-10-06 15:04:19.184] [jointLog] [info] Loading dense pufferfish index.
[2026-10-06 15:06:40.921] [jointLog] [info] done
[2026-10-06 15:06:41.025] [jointLog] [info] Index contained 238,636 targets
[2026-10-06 15:06:41.117] [jointLog] [info] Number of decoys : 194
[2026-10-06 15:06:41.117] [jointLog] [info] First decoy index : 238,404 
[2026-10-06 15:06:43.066] [jointLog] [info] Automatically detected most likely library type as ISR

[2026-10-06 15:40:55.109] [jointLog] [info] Thread saw mini-batch with a maximum of 2.22% zero probability fragments
[2026-10-06 15:40:55.257] [jointLog] [info] Thread saw mini-batch with a maximum of 2.18% zero probability fragments
[2026-10-06 15:40:55.690] [jointLog] [info] Thread saw mini-batch with a maximum of 2.14% zero probability fragments
[2026-10-06 15:40:55.839] [jointLog] [info] Thread saw mini-batch with a maximum of 2.30% zero probability fragments
[2026-10-06 15:40:56.140] [fileLog] [info] 
At end of round 0
==================
Observed 26156986 total fragments (26156986 in most recent round)

[2026-10-06 15:40:56.140] [jointLog] [info] Computed 239,302 rich equivalence classes for further processing
[2026-10-06 15:40:56.140] [jointLog] [info] Counted 6,134,573 total reads in the equivalence classes 
[2026-10-06 15:40:56.143] [jointLog] [info] Number of mappings discarded because of alignment score : 9,230,022
[2026-10-06 15:40:56.143] [jointLog] [info] Number of fragments entirely discarded because of alignment score : 5,268,049
[2026-10-06 15:40:56.143] [jointLog] [info] Number of fragments discarded because they are best-mapped to decoys : 4,947,896
[2026-10-06 15:40:56.143] [jointLog] [info] Number of fragments discarded because they have only dovetail (discordant) mappings to valid targets : 149,831
[2026-10-06 15:40:56.143] [jointLog] [info] Mapping rate = 23.4529%

[2026-10-06 15:40:56.143] [jointLog] [info] finished quantifyLibrary()
[2026-10-06 15:40:56.143] [jointLog] [info] Starting optimizer
[2026-10-06 15:40:56.330] [jointLog] [info] Marked 0 weighted equivalence classes as degenerate
[2026-10-06 15:40:56.378] [jointLog] [info] iteration = 0 | max rel diff. = 2168.71
[2026-10-06 15:41:00.837] [jointLog] [info] iteration = 100 | max rel diff. = 19.1152
[2026-10-06 15:41:05.354] [jointLog] [info] iteration = 200 | max rel diff. = 17.8504
[2026-10-06 15:41:09.761] [jointLog] [info] iteration = 300 | max rel diff. = 17.7584
[2026-10-06 15:41:14.216] [jointLog] [info] iteration = 400 | max rel diff. = 4.74845
[2026-10-06 15:41:18.659] [jointLog] [info] iteration = 500 | max rel diff. = 1.87811
[2026-10-06 15:41:23.118] [jointLog] [info] iteration = 600 | max rel diff. = 3.11107
[2026-10-06 15:41:27.560] [jointLog] [info] iteration = 700 | max rel diff. = 1.22859
[2026-10-06 15:41:31.984] [jointLog] [info] iteration = 800 | max rel diff. = 2.84636
[2026-10-06 15:41:36.430] [jointLog] [info] iteration = 900 | max rel diff. = 0.253957
[2026-10-06 15:41:40.875] [jointLog] [info] iteration = 1,000 | max rel diff. = 0.741399
[2026-10-06 15:41:45.338] [jointLog] [info] iteration = 1,100 | max rel diff. = 10.4208
[2026-10-06 15:41:49.783] [jointLog] [info] iteration = 1,200 | max rel diff. = 0.071478
[2026-10-06 15:41:54.258] [jointLog] [info] iteration = 1,300 | max rel diff. = 0.0909591
[2026-10-06 15:41:58.656] [jointLog] [info] iteration = 1,400 | max rel diff. = 0.109377
[2026-10-06 15:42:03.075] [jointLog] [info] iteration = 1,500 | max rel diff. = 1.1259
[2026-10-06 15:42:07.517] [jointLog] [info] iteration = 1,600 | max rel diff. = 0.0388758
[2026-10-06 15:42:11.927] [jointLog] [info] iteration = 1,700 | max rel diff. = 0.0606037
[2026-10-06 15:42:16.376] [jointLog] [info] iteration = 1,800 | max rel diff. = 0.131028
[2026-10-06 15:42:20.794] [jointLog] [info] iteration = 1,900 | max rel diff. = 1.23976
[2026-10-06 15:42:25.257] [jointLog] [info] iteration = 2,000 | max rel diff. = 0.190635
[2026-10-06 15:42:29.658] [jointLog] [info] iteration = 2,100 | max rel diff. = 0.132449
[2026-10-06 15:42:34.137] [jointLog] [info] iteration = 2,200 | max rel diff. = 0.0958131
[2026-10-06 15:42:38.582] [jointLog] [info] iteration = 2,300 | max rel diff. = 1.20866
[2026-10-06 15:42:40.442] [jointLog] [info] iteration = 2,343 | max rel diff. = 0.00714513
[2026-10-06 15:42:40.481] [jointLog] [info] Finished optimizer
[2026-10-06 15:42:40.481] [jointLog] [info] writing output 

