[2026-10-06 05:16:06.841] [jointLog] [info] setting maxHashResizeThreads to 4
[2026-10-06 05:16:06.841] [jointLog] [info] Fragment incompatibility prior below threshold.  Incompatible fragments will be ignored.
[2026-10-06 05:16:06.841] [jointLog] [info] Usage of --validateMappings implies use of minScoreFraction. Since not explicitly specified, it is being set to 0.65
[2026-10-06 05:16:06.841] [jointLog] [info] Setting consensusSlack to selective-alignment default of 0.35.
[2026-10-06 05:16:06.841] [jointLog] [info] parsing read library format
[2026-10-06 05:16:06.842] [jointLog] [info] There is 1 library.
[2026-10-06 05:16:06.848] [jointLog] [info] Loading pufferfish index
[2026-10-06 05:16:06.851] [jointLog] [info] Loading dense pufferfish index.
[2026-10-06 05:17:57.430] [jointLog] [info] done
[2026-10-06 05:17:57.536] [jointLog] [info] Index contained 238,636 targets
[2026-10-06 05:17:57.639] [jointLog] [info] Number of decoys : 194
[2026-10-06 05:17:57.639] [jointLog] [info] First decoy index : 238,404 
[2026-10-06 05:17:58.052] [jointLog] [info] Automatically detected most likely library type as ISR

[2026-10-06 05:24:32.804] [jointLog] [info] Thread saw mini-batch with a maximum of 0.94% zero probability fragments
[2026-10-06 05:24:32.834] [jointLog] [info] Thread saw mini-batch with a maximum of 1.04% zero probability fragments
[2026-10-06 05:24:32.869] [jointLog] [info] Thread saw mini-batch with a maximum of 0.90% zero probability fragments
[2026-10-06 05:24:32.876] [jointLog] [info] Thread saw mini-batch with a maximum of 1.04% zero probability fragments
[2026-10-06 05:24:33.315] [jointLog] [info] Computed 351,177 rich equivalence classes for further processing
[2026-10-06 05:24:33.315] [jointLog] [info] Counted 26,066,476 total reads in the equivalence classes 
[2026-10-06 05:24:33.319] [jointLog] [info] Number of mappings discarded because of alignment score : 5,321,146
[2026-10-06 05:24:33.319] [jointLog] [info] Number of fragments entirely discarded because of alignment score : 1,641,531
[2026-10-06 05:24:33.319] [jointLog] [info] Number of fragments discarded because they are best-mapped to decoys : 1,568,234
[2026-10-06 05:24:33.319] [jointLog] [info] Number of fragments discarded because they have only dovetail (discordant) mappings to valid targets : 59,080
[2026-10-06 05:24:33.319] [jointLog] [info] Mapping rate = 80.0033%

[2026-10-06 05:24:33.319] [jointLog] [info] finished quantifyLibrary()
[2026-10-06 05:24:33.319] [jointLog] [info] Starting optimizer
[2026-10-06 05:24:33.315] [fileLog] [info] 
At end of round 0
==================
Observed 32581751 total fragments (32581751 in most recent round)

[2026-10-06 05:24:33.580] [jointLog] [info] Marked 0 weighted equivalence classes as degenerate
[2026-10-06 05:24:33.646] [jointLog] [info] iteration = 0 | max rel diff. = 5208.84
[2026-10-06 05:24:40.021] [jointLog] [info] iteration = 100 | max rel diff. = 20.7125
[2026-10-06 05:24:46.355] [jointLog] [info] iteration = 200 | max rel diff. = 19.6315
[2026-10-06 05:24:52.669] [jointLog] [info] iteration = 300 | max rel diff. = 16.7447
[2026-10-06 05:24:58.953] [jointLog] [info] iteration = 400 | max rel diff. = 18.4169
[2026-10-06 05:25:05.286] [jointLog] [info] iteration = 500 | max rel diff. = 7.90353
[2026-10-06 05:25:11.680] [jointLog] [info] iteration = 600 | max rel diff. = 6.03971
[2026-10-06 05:25:18.015] [jointLog] [info] iteration = 700 | max rel diff. = 6.65891
[2026-10-06 05:25:24.422] [jointLog] [info] iteration = 800 | max rel diff. = 11.9602
[2026-10-06 05:25:30.859] [jointLog] [info] iteration = 900 | max rel diff. = 1.20055
[2026-10-06 05:25:37.111] [jointLog] [info] iteration = 1,000 | max rel diff. = 0.489137
[2026-10-06 05:25:43.441] [jointLog] [info] iteration = 1,100 | max rel diff. = 1.21686
[2026-10-06 05:25:49.742] [jointLog] [info] iteration = 1,200 | max rel diff. = 1.07354
[2026-10-06 05:25:56.109] [jointLog] [info] iteration = 1,300 | max rel diff. = 6.34303
[2026-10-06 05:26:02.475] [jointLog] [info] iteration = 1,400 | max rel diff. = 4.19833
[2026-10-06 05:26:08.735] [jointLog] [info] iteration = 1,500 | max rel diff. = 0.0905287
[2026-10-06 05:26:15.023] [jointLog] [info] iteration = 1,600 | max rel diff. = 10.0528
[2026-10-06 05:26:21.330] [jointLog] [info] iteration = 1,700 | max rel diff. = 18.5757
[2026-10-06 05:26:27.588] [jointLog] [info] iteration = 1,800 | max rel diff. = 0.157279
[2026-10-06 05:26:33.879] [jointLog] [info] iteration = 1,900 | max rel diff. = 0.110034
[2026-10-06 05:26:40.062] [jointLog] [info] iteration = 2,000 | max rel diff. = 0.0544981
[2026-10-06 05:26:46.319] [jointLog] [info] iteration = 2,100 | max rel diff. = 0.327425
[2026-10-06 05:26:46.569] [jointLog] [info] iteration = 2,105 | max rel diff. = 0.00868672
[2026-10-06 05:26:46.608] [jointLog] [info] Finished optimizer
[2026-10-06 05:26:46.608] [jointLog] [info] writing output 

