[2026-05-22 22:55:44.671] [jointLog] [info] setting maxHashResizeThreads to 14
[2026-05-22 22:55:44.671] [jointLog] [info] Fragment incompatibility prior below threshold.  Incompatible fragments will be ignored.
[2026-05-22 22:55:44.671] [jointLog] [info] Usage of --validateMappings implies use of minScoreFraction. Since not explicitly specified, it is being set to 0.65
[2026-05-22 22:55:44.671] [jointLog] [info] Setting consensusSlack to selective-alignment default of 0.35.
[2026-05-22 22:55:44.671] [jointLog] [info] parsing read library format
[2026-05-22 22:55:44.671] [jointLog] [info] There is 1 library.
[2026-05-22 22:55:44.672] [jointLog] [info] Loading pufferfish index
[2026-05-22 22:55:44.672] [jointLog] [info] Loading dense pufferfish index.
[2026-05-22 22:56:26.432] [jointLog] [info] done
[2026-05-22 22:56:26.653] [jointLog] [info] Index contained 238,636 targets
[2026-05-22 22:56:26.954] [jointLog] [info] Number of decoys : 194
[2026-05-22 22:56:26.954] [jointLog] [info] First decoy index : 238,404 
[2026-05-22 22:56:33.498] [jointLog] [info] Automatically detected most likely library type as ISR

[2026-05-22 23:11:29.436] [jointLog] [info] Thread saw mini-batch with a maximum of 1.32% zero probability fragments
[2026-05-22 23:11:29.542] [jointLog] [info] Thread saw mini-batch with a maximum of 1.24% zero probability fragments
[2026-05-22 23:11:29.555] [jointLog] [info] Thread saw mini-batch with a maximum of 1.40% zero probability fragments
[2026-05-22 23:11:29.638] [jointLog] [info] Thread saw mini-batch with a maximum of 1.24% zero probability fragments
[2026-05-22 23:11:29.725] [jointLog] [info] Thread saw mini-batch with a maximum of 1.30% zero probability fragments
[2026-05-22 23:11:29.733] [jointLog] [info] Thread saw mini-batch with a maximum of 1.22% zero probability fragments
[2026-05-22 23:11:29.779] [jointLog] [info] Thread saw mini-batch with a maximum of 1.24% zero probability fragments
[2026-05-22 23:11:29.876] [jointLog] [info] Thread saw mini-batch with a maximum of 1.28% zero probability fragments
[2026-05-22 23:11:29.939] [jointLog] [info] Thread saw mini-batch with a maximum of 1.30% zero probability fragments
[2026-05-22 23:11:29.944] [jointLog] [info] Thread saw mini-batch with a maximum of 1.30% zero probability fragments
[2026-05-22 23:11:30.031] [jointLog] [info] Thread saw mini-batch with a maximum of 1.34% zero probability fragments
[2026-05-22 23:11:30.041] [jointLog] [info] Thread saw mini-batch with a maximum of 1.30% zero probability fragments
[2026-05-22 23:11:30.055] [jointLog] [info] Thread saw mini-batch with a maximum of 1.32% zero probability fragments
[2026-05-22 23:11:30.065] [jointLog] [info] Thread saw mini-batch with a maximum of 1.36% zero probability fragments
[2026-05-22 23:11:32.212] [jointLog] [info] Computed 798,791 rich equivalence classes for further processing
[2026-05-22 23:11:32.212] [jointLog] [info] Counted 28,159,696 total reads in the equivalence classes 
[2026-05-22 23:11:32.228] [jointLog] [info] Number of mappings discarded because of alignment score : 12,430,427
[2026-05-22 23:11:32.228] [jointLog] [info] Number of fragments entirely discarded because of alignment score : 2,330,833
[2026-05-22 23:11:32.228] [jointLog] [info] Number of fragments discarded because they are best-mapped to decoys : 2,179,039
[2026-05-22 23:11:32.228] [jointLog] [info] Number of fragments discarded because they have only dovetail (discordant) mappings to valid targets : 222,695
[2026-05-22 23:11:32.228] [jointLog] [info] Mapping rate = 66.9149%

[2026-05-22 23:11:32.228] [jointLog] [info] finished quantifyLibrary()
[2026-05-22 23:11:32.236] [jointLog] [info] Starting optimizer
[2026-05-22 23:11:32.213] [fileLog] [info] 
At end of round 0
==================
Observed 42082876 total fragments (42082876 in most recent round)

[2026-05-22 23:11:32.990] [jointLog] [info] Marked 0 weighted equivalence classes as degenerate
[2026-05-22 23:11:33.024] [jointLog] [info] iteration = 0 | max rel diff. = 5068.85
[2026-05-22 23:11:36.433] [jointLog] [info] iteration = 100 | max rel diff. = 20.0096
[2026-05-22 23:11:39.859] [jointLog] [info] iteration = 200 | max rel diff. = 18.605
[2026-05-22 23:11:43.300] [jointLog] [info] iteration = 300 | max rel diff. = 18.9637
[2026-05-22 23:11:46.744] [jointLog] [info] iteration = 400 | max rel diff. = 8.27571
[2026-05-22 23:11:50.202] [jointLog] [info] iteration = 500 | max rel diff. = 10.5537
[2026-05-22 23:11:53.668] [jointLog] [info] iteration = 600 | max rel diff. = 9.42504
[2026-05-22 23:11:57.146] [jointLog] [info] iteration = 700 | max rel diff. = 4.56363
[2026-05-22 23:12:00.634] [jointLog] [info] iteration = 800 | max rel diff. = 0.380748
[2026-05-22 23:12:04.128] [jointLog] [info] iteration = 900 | max rel diff. = 0.550405
[2026-05-22 23:12:07.610] [jointLog] [info] iteration = 1,000 | max rel diff. = 0.964634
[2026-05-22 23:12:11.102] [jointLog] [info] iteration = 1,100 | max rel diff. = 1.50067
[2026-05-22 23:12:14.592] [jointLog] [info] iteration = 1,200 | max rel diff. = 0.467785
[2026-05-22 23:12:18.088] [jointLog] [info] iteration = 1,300 | max rel diff. = 0.254362
[2026-05-22 23:12:21.588] [jointLog] [info] iteration = 1,400 | max rel diff. = 0.684963
[2026-05-22 23:12:25.096] [jointLog] [info] iteration = 1,500 | max rel diff. = 0.381369
[2026-05-22 23:12:28.612] [jointLog] [info] iteration = 1,600 | max rel diff. = 0.0918091
[2026-05-22 23:12:32.120] [jointLog] [info] iteration = 1,700 | max rel diff. = 0.460579
[2026-05-22 23:12:35.363] [jointLog] [info] iteration = 1,793 | max rel diff. = 0.00937433
[2026-05-22 23:12:35.369] [jointLog] [info] Finished optimizer
[2026-05-22 23:12:35.369] [jointLog] [info] writing output 

