[2026-10-06 07:42:36.937] [jointLog] [info] setting maxHashResizeThreads to 4
[2026-10-06 07:42:36.937] [jointLog] [info] Fragment incompatibility prior below threshold.  Incompatible fragments will be ignored.
[2026-10-06 07:42:36.937] [jointLog] [info] Usage of --validateMappings implies use of minScoreFraction. Since not explicitly specified, it is being set to 0.65
[2026-10-06 07:42:36.937] [jointLog] [info] Setting consensusSlack to selective-alignment default of 0.35.
[2026-10-06 07:42:36.937] [jointLog] [info] parsing read library format
[2026-10-06 07:42:36.937] [jointLog] [info] There is 1 library.
[2026-10-06 07:42:36.948] [jointLog] [info] Loading pufferfish index
[2026-10-06 07:42:36.950] [jointLog] [info] Loading dense pufferfish index.
[2026-10-06 07:44:43.097] [jointLog] [info] done
[2026-10-06 07:44:43.207] [jointLog] [info] Index contained 238,636 targets
[2026-10-06 07:44:43.306] [jointLog] [info] Number of decoys : 194
[2026-10-06 07:44:43.306] [jointLog] [info] First decoy index : 238,404 
[2026-10-06 07:44:43.912] [jointLog] [info] Automatically detected most likely library type as ISR

[2026-10-06 07:58:25.641] [jointLog] [info] Thread saw mini-batch with a maximum of 0.78% zero probability fragments
[2026-10-06 07:58:25.769] [jointLog] [info] Thread saw mini-batch with a maximum of 0.82% zero probability fragments
[2026-10-06 07:58:25.876] [jointLog] [info] Thread saw mini-batch with a maximum of 0.76% zero probability fragments
[2026-10-06 07:58:25.927] [jointLog] [info] Thread saw mini-batch with a maximum of 0.76% zero probability fragments
[2026-10-06 07:58:27.379] [jointLog] [info] Computed 826,891 rich equivalence classes for further processing
[2026-10-06 07:58:27.379] [jointLog] [info] Counted 31,773,897 total reads in the equivalence classes 
[2026-10-06 07:58:27.387] [jointLog] [info] Number of mappings discarded because of alignment score : 13,504,244
[2026-10-06 07:58:27.387] [jointLog] [info] Number of fragments entirely discarded because of alignment score : 998,596
[2026-10-06 07:58:27.387] [jointLog] [info] Number of fragments discarded because they are best-mapped to decoys : 903,756
[2026-10-06 07:58:27.387] [jointLog] [info] Number of fragments discarded because they have only dovetail (discordant) mappings to valid targets : 110,321
[2026-10-06 07:58:27.387] [jointLog] [info] Mapping rate = 86.3807%

[2026-10-06 07:58:27.387] [jointLog] [info] finished quantifyLibrary()
[2026-10-06 07:58:27.387] [jointLog] [info] Starting optimizer
[2026-10-06 07:58:27.380] [fileLog] [info] 
At end of round 0
==================
Observed 36783566 total fragments (36783566 in most recent round)

[2026-10-06 07:58:27.937] [jointLog] [info] Marked 0 weighted equivalence classes as degenerate
[2026-10-06 07:58:28.078] [jointLog] [info] iteration = 0 | max rel diff. = 4310.78
[2026-10-06 07:58:42.404] [jointLog] [info] iteration = 100 | max rel diff. = 19.906
[2026-10-06 07:58:56.568] [jointLog] [info] iteration = 200 | max rel diff. = 17.851
[2026-10-06 07:59:11.368] [jointLog] [info] iteration = 300 | max rel diff. = 15.1354
[2026-10-06 07:59:25.559] [jointLog] [info] iteration = 400 | max rel diff. = 14.5805
[2026-10-06 07:59:39.805] [jointLog] [info] iteration = 500 | max rel diff. = 7.91695
[2026-10-06 07:59:54.043] [jointLog] [info] iteration = 600 | max rel diff. = 9.57254
[2026-10-06 08:00:08.404] [jointLog] [info] iteration = 700 | max rel diff. = 4.79566
[2026-10-06 08:00:22.821] [jointLog] [info] iteration = 800 | max rel diff. = 7.9742
[2026-10-06 08:00:37.159] [jointLog] [info] iteration = 900 | max rel diff. = 1.49898
[2026-10-06 08:00:51.437] [jointLog] [info] iteration = 1,000 | max rel diff. = 11.0074
[2026-10-06 08:01:06.194] [jointLog] [info] iteration = 1,100 | max rel diff. = 1.16405
[2026-10-06 08:01:20.505] [jointLog] [info] iteration = 1,200 | max rel diff. = 3.44895
[2026-10-06 08:01:34.813] [jointLog] [info] iteration = 1,300 | max rel diff. = 14.9461
[2026-10-06 08:01:49.161] [jointLog] [info] iteration = 1,400 | max rel diff. = 0.363601
[2026-10-06 08:02:03.603] [jointLog] [info] iteration = 1,500 | max rel diff. = 0.277399
[2026-10-06 08:02:17.999] [jointLog] [info] iteration = 1,600 | max rel diff. = 0.482756
[2026-10-06 08:02:32.247] [jointLog] [info] iteration = 1,700 | max rel diff. = 3.14014
[2026-10-06 08:02:46.579] [jointLog] [info] iteration = 1,800 | max rel diff. = 0.377813
[2026-10-06 08:03:00.930] [jointLog] [info] iteration = 1,900 | max rel diff. = 0.112109
[2026-10-06 08:03:15.253] [jointLog] [info] iteration = 2,000 | max rel diff. = 0.109081
[2026-10-06 08:03:29.512] [jointLog] [info] iteration = 2,100 | max rel diff. = 0.147639
[2026-10-06 08:03:43.620] [jointLog] [info] iteration = 2,200 | max rel diff. = 0.0481788
[2026-10-06 08:03:57.672] [jointLog] [info] iteration = 2,300 | max rel diff. = 0.058195
[2026-10-06 08:04:11.933] [jointLog] [info] iteration = 2,400 | max rel diff. = 0.0950195
[2026-10-06 08:04:26.182] [jointLog] [info] iteration = 2,500 | max rel diff. = 1.11838
[2026-10-06 08:04:40.351] [jointLog] [info] iteration = 2,600 | max rel diff. = 0.0282962
[2026-10-06 08:04:54.717] [jointLog] [info] iteration = 2,700 | max rel diff. = 0.663784
[2026-10-06 08:05:11.998] [jointLog] [info] iteration = 2,800 | max rel diff. = 0.446834
[2026-10-06 08:05:26.175] [jointLog] [info] iteration = 2,900 | max rel diff. = 0.214485
[2026-10-06 08:05:40.391] [jointLog] [info] iteration = 3,000 | max rel diff. = 0.0546494
[2026-10-06 08:05:54.661] [jointLog] [info] iteration = 3,100 | max rel diff. = 0.210316
[2026-10-06 08:06:08.876] [jointLog] [info] iteration = 3,200 | max rel diff. = 0.0427217
[2026-10-06 08:06:23.128] [jointLog] [info] iteration = 3,300 | max rel diff. = 1.58454
[2026-10-06 08:06:37.281] [jointLog] [info] iteration = 3,400 | max rel diff. = 0.0262873
[2026-10-06 08:06:51.517] [jointLog] [info] iteration = 3,500 | max rel diff. = 0.0870248
[2026-10-06 08:07:05.851] [jointLog] [info] iteration = 3,600 | max rel diff. = 0.019923
[2026-10-06 08:07:20.062] [jointLog] [info] iteration = 3,700 | max rel diff. = 0.0106981
[2026-10-06 08:07:34.360] [jointLog] [info] iteration = 3,800 | max rel diff. = 0.0256213
[2026-10-06 08:07:41.183] [jointLog] [info] iteration = 3,849 | max rel diff. = 0.00482517
[2026-10-06 08:07:41.235] [jointLog] [info] Finished optimizer
[2026-10-06 08:07:41.235] [jointLog] [info] writing output 

