[2026-05-22 20:37:08.999] [jointLog] [info] setting maxHashResizeThreads to 14
[2026-05-22 20:37:09.000] [jointLog] [info] Fragment incompatibility prior below threshold.  Incompatible fragments will be ignored.
[2026-05-22 20:37:09.000] [jointLog] [info] Usage of --validateMappings implies use of minScoreFraction. Since not explicitly specified, it is being set to 0.65
[2026-05-22 20:37:09.000] [jointLog] [info] Setting consensusSlack to selective-alignment default of 0.35.
[2026-05-22 20:37:09.000] [jointLog] [info] parsing read library format
[2026-05-22 20:37:09.000] [jointLog] [info] There is 1 library.
[2026-05-22 20:37:09.001] [jointLog] [info] Loading pufferfish index
[2026-05-22 20:37:09.001] [jointLog] [info] Loading dense pufferfish index.
[2026-05-22 20:37:47.457] [jointLog] [info] done
[2026-05-22 20:37:47.654] [jointLog] [info] Index contained 238,636 targets
[2026-05-22 20:37:47.846] [jointLog] [info] Number of decoys : 194
[2026-05-22 20:37:47.846] [jointLog] [info] First decoy index : 238,404 
[2026-05-22 20:37:52.258] [jointLog] [info] Automatically detected most likely library type as ISR

[2026-05-22 20:52:50.835] [jointLog] [info] Thread saw mini-batch with a maximum of 1.04% zero probability fragments
[2026-05-22 20:52:50.963] [jointLog] [info] Thread saw mini-batch with a maximum of 1.00% zero probability fragments
[2026-05-22 20:52:50.992] [jointLog] [info] Thread saw mini-batch with a maximum of 1.02% zero probability fragments
[2026-05-22 20:52:51.033] [jointLog] [info] Thread saw mini-batch with a maximum of 1.06% zero probability fragments
[2026-05-22 20:52:51.246] [jointLog] [info] Thread saw mini-batch with a maximum of 0.96% zero probability fragments
[2026-05-22 20:52:51.283] [jointLog] [info] Thread saw mini-batch with a maximum of 1.00% zero probability fragments
[2026-05-22 20:52:51.301] [jointLog] [info] Thread saw mini-batch with a maximum of 1.02% zero probability fragments
[2026-05-22 20:52:51.382] [jointLog] [info] Thread saw mini-batch with a maximum of 1.04% zero probability fragments
[2026-05-22 20:52:51.394] [jointLog] [info] Thread saw mini-batch with a maximum of 1.06% zero probability fragments
[2026-05-22 20:52:51.424] [jointLog] [info] Thread saw mini-batch with a maximum of 1.08% zero probability fragments
[2026-05-22 20:52:51.461] [jointLog] [info] Thread saw mini-batch with a maximum of 1.06% zero probability fragments
[2026-05-22 20:52:51.487] [jointLog] [info] Thread saw mini-batch with a maximum of 1.12% zero probability fragments
[2026-05-22 20:52:51.513] [jointLog] [info] Thread saw mini-batch with a maximum of 1.08% zero probability fragments
[2026-05-22 20:52:51.542] [jointLog] [info] Thread saw mini-batch with a maximum of 1.10% zero probability fragments
[2026-05-22 20:52:53.917] [fileLog] [info] 
At end of round 0
==================
Observed 42529830 total fragments (42529830 in most recent round)

[2026-05-22 20:52:53.915] [jointLog] [info] Computed 834,104 rich equivalence classes for further processing
[2026-05-22 20:52:53.916] [jointLog] [info] Counted 29,353,120 total reads in the equivalence classes 
[2026-05-22 20:52:53.937] [jointLog] [info] Number of mappings discarded because of alignment score : 11,922,574
[2026-05-22 20:52:53.937] [jointLog] [info] Number of fragments entirely discarded because of alignment score : 2,106,378
[2026-05-22 20:52:53.937] [jointLog] [info] Number of fragments discarded because they are best-mapped to decoys : 1,935,510
[2026-05-22 20:52:53.937] [jointLog] [info] Number of fragments discarded because they have only dovetail (discordant) mappings to valid targets : 224,155
[2026-05-22 20:52:53.937] [jointLog] [info] Mapping rate = 69.0177%

[2026-05-22 20:52:53.937] [jointLog] [info] finished quantifyLibrary()
[2026-05-22 20:52:53.943] [jointLog] [info] Starting optimizer
[2026-05-22 20:52:54.624] [jointLog] [info] Marked 0 weighted equivalence classes as degenerate
[2026-05-22 20:52:54.660] [jointLog] [info] iteration = 0 | max rel diff. = 5078.4
[2026-05-22 20:52:58.296] [jointLog] [info] iteration = 100 | max rel diff. = 18.9215
[2026-05-22 20:53:01.951] [jointLog] [info] iteration = 200 | max rel diff. = 14.3869
[2026-05-22 20:53:05.618] [jointLog] [info] iteration = 300 | max rel diff. = 20.3501
[2026-05-22 20:53:09.284] [jointLog] [info] iteration = 400 | max rel diff. = 16.781
[2026-05-22 20:53:12.954] [jointLog] [info] iteration = 500 | max rel diff. = 14.8059
[2026-05-22 20:53:16.629] [jointLog] [info] iteration = 600 | max rel diff. = 4.06935
[2026-05-22 20:53:20.310] [jointLog] [info] iteration = 700 | max rel diff. = 10.2744
[2026-05-22 20:53:23.994] [jointLog] [info] iteration = 800 | max rel diff. = 1.74276
[2026-05-22 20:53:27.682] [jointLog] [info] iteration = 900 | max rel diff. = 5.2107
[2026-05-22 20:53:31.374] [jointLog] [info] iteration = 1,000 | max rel diff. = 7.51372
[2026-05-22 20:53:35.111] [jointLog] [info] iteration = 1,100 | max rel diff. = 1.47582
[2026-05-22 20:53:38.836] [jointLog] [info] iteration = 1,200 | max rel diff. = 8.18869
[2026-05-22 20:53:42.552] [jointLog] [info] iteration = 1,300 | max rel diff. = 0.71513
[2026-05-22 20:53:46.245] [jointLog] [info] iteration = 1,400 | max rel diff. = 0.134496
[2026-05-22 20:53:49.935] [jointLog] [info] iteration = 1,500 | max rel diff. = 0.178946
[2026-05-22 20:54:07.401] [jointLog] [info] iteration = 1,600 | max rel diff. = 0.184088
[2026-05-22 20:54:26.304] [jointLog] [info] iteration = 1,700 | max rel diff. = 0.3374
[2026-05-22 20:54:45.237] [jointLog] [info] iteration = 1,800 | max rel diff. = 11.9261
[2026-05-22 20:55:04.183] [jointLog] [info] iteration = 1,900 | max rel diff. = 10.717
[2026-05-22 20:55:20.423] [jointLog] [info] iteration = 2,000 | max rel diff. = 0.113874
[2026-05-22 20:55:23.956] [jointLog] [info] iteration = 2,100 | max rel diff. = 0.0428638
[2026-05-22 20:55:27.494] [jointLog] [info] iteration = 2,200 | max rel diff. = 0.957912
[2026-05-22 20:55:31.038] [jointLog] [info] iteration = 2,300 | max rel diff. = 0.158634
[2026-05-22 20:55:34.586] [jointLog] [info] iteration = 2,400 | max rel diff. = 0.329567
[2026-05-22 20:55:38.177] [jointLog] [info] iteration = 2,500 | max rel diff. = 0.0483653
[2026-05-22 20:55:41.784] [jointLog] [info] iteration = 2,600 | max rel diff. = 0.0169618
[2026-05-22 20:55:45.411] [jointLog] [info] iteration = 2,700 | max rel diff. = 0.14875
[2026-05-22 20:55:45.703] [jointLog] [info] iteration = 2,709 | max rel diff. = 0.00457138
[2026-05-22 20:55:45.710] [jointLog] [info] Finished optimizer
[2026-05-22 20:55:45.710] [jointLog] [info] writing output 

