[2026-10-06 14:57:12.995] [jointLog] [info] setting maxHashResizeThreads to 4
[2026-10-06 14:57:12.995] [jointLog] [info] Fragment incompatibility prior below threshold.  Incompatible fragments will be ignored.
[2026-10-06 14:57:12.995] [jointLog] [info] Usage of --validateMappings implies use of minScoreFraction. Since not explicitly specified, it is being set to 0.65
[2026-10-06 14:57:12.995] [jointLog] [info] Setting consensusSlack to selective-alignment default of 0.35.
[2026-10-06 14:57:12.995] [jointLog] [info] parsing read library format
[2026-10-06 14:57:12.996] [jointLog] [info] There is 1 library.
[2026-10-06 14:57:13.011] [jointLog] [info] Loading pufferfish index
[2026-10-06 14:57:13.012] [jointLog] [info] Loading dense pufferfish index.
[2026-10-06 15:01:02.279] [jointLog] [info] done
[2026-10-06 15:01:02.400] [jointLog] [info] Index contained 238,636 targets
[2026-10-06 15:01:02.509] [jointLog] [info] Number of decoys : 194
[2026-10-06 15:01:02.509] [jointLog] [info] First decoy index : 238,404 
[2026-10-06 15:01:02.982] [jointLog] [info] Automatically detected most likely library type as U

[2026-10-06 15:07:25.022] [jointLog] [info] Computed 317,830 rich equivalence classes for further processing
[2026-10-06 15:07:25.022] [jointLog] [info] Counted 18,651,972 total reads in the equivalence classes 
[2026-10-06 15:07:25.026] [jointLog] [info] Number of mappings discarded because of alignment score : 11,950,289
[2026-10-06 15:07:25.026] [jointLog] [info] Number of fragments entirely discarded because of alignment score : 892,638
[2026-10-06 15:07:25.026] [jointLog] [info] Number of fragments discarded because they are best-mapped to decoys : 631,807
[2026-10-06 15:07:25.026] [jointLog] [info] Number of fragments discarded because they have only dovetail (discordant) mappings to valid targets : 0
[2026-10-06 15:07:25.026] [jointLog] [info] Mapping rate = 88.7659%

[2026-10-06 15:07:25.026] [jointLog] [info] finished quantifyLibrary()
[2026-10-06 15:07:25.026] [jointLog] [info] Starting optimizer
[2026-10-06 15:07:25.196] [jointLog] [info] Marked 0 weighted equivalence classes as degenerate
[2026-10-06 15:07:25.260] [jointLog] [info] iteration = 0 | max rel diff. = 4886.29
[2026-10-06 15:07:25.022] [fileLog] [info] 
At end of round 0
==================
Observed 21012547 total fragments (21012547 in most recent round)

[2026-10-06 15:07:31.446] [jointLog] [info] iteration = 100 | max rel diff. = 20.3567
[2026-10-06 15:07:37.501] [jointLog] [info] iteration = 200 | max rel diff. = 16.5511
[2026-10-06 15:07:43.586] [jointLog] [info] iteration = 300 | max rel diff. = 19.3229
[2026-10-06 15:07:49.664] [jointLog] [info] iteration = 400 | max rel diff. = 3.45039
[2026-10-06 15:07:56.864] [jointLog] [info] iteration = 500 | max rel diff. = 6.03519
[2026-10-06 15:08:04.168] [jointLog] [info] iteration = 600 | max rel diff. = 3.19391
[2026-10-06 15:08:10.268] [jointLog] [info] iteration = 700 | max rel diff. = 1.00155
[2026-10-06 15:08:16.330] [jointLog] [info] iteration = 800 | max rel diff. = 1.01968
[2026-10-06 15:08:22.432] [jointLog] [info] iteration = 900 | max rel diff. = 0.151671
[2026-10-06 15:08:28.530] [jointLog] [info] iteration = 1,000 | max rel diff. = 0.961864
[2026-10-06 15:08:34.568] [jointLog] [info] iteration = 1,100 | max rel diff. = 0.40014
[2026-10-06 15:08:40.656] [jointLog] [info] iteration = 1,200 | max rel diff. = 0.220697
[2026-10-06 15:08:46.713] [jointLog] [info] iteration = 1,300 | max rel diff. = 0.192217
[2026-10-06 15:08:52.811] [jointLog] [info] iteration = 1,400 | max rel diff. = 0.144251
[2026-10-06 15:08:58.902] [jointLog] [info] iteration = 1,500 | max rel diff. = 0.0840805
[2026-10-06 15:09:04.958] [jointLog] [info] iteration = 1,600 | max rel diff. = 0.818934
[2026-10-06 15:09:11.043] [jointLog] [info] iteration = 1,700 | max rel diff. = 0.137098
[2026-10-06 15:09:17.100] [jointLog] [info] iteration = 1,800 | max rel diff. = 0.875724
[2026-10-06 15:09:23.199] [jointLog] [info] iteration = 1,900 | max rel diff. = 0.144317
[2026-10-06 15:09:29.323] [jointLog] [info] iteration = 2,000 | max rel diff. = 0.231928
[2026-10-06 15:09:35.380] [jointLog] [info] iteration = 2,100 | max rel diff. = 0.0829582
[2026-10-06 15:09:41.484] [jointLog] [info] iteration = 2,200 | max rel diff. = 0.17461
[2026-10-06 15:09:47.554] [jointLog] [info] iteration = 2,300 | max rel diff. = 0.0153225
[2026-10-06 15:09:53.652] [jointLog] [info] iteration = 2,400 | max rel diff. = 0.020465
[2026-10-06 15:09:59.738] [jointLog] [info] iteration = 2,500 | max rel diff. = 0.177358
[2026-10-06 15:10:05.777] [jointLog] [info] iteration = 2,600 | max rel diff. = 0.040964
[2026-10-06 15:10:11.870] [jointLog] [info] iteration = 2,700 | max rel diff. = 0.197574
[2026-10-06 15:10:17.950] [jointLog] [info] iteration = 2,800 | max rel diff. = 0.475012
[2026-10-06 15:10:24.004] [jointLog] [info] iteration = 2,900 | max rel diff. = 0.175805
[2026-10-06 15:10:30.083] [jointLog] [info] iteration = 3,000 | max rel diff. = 1.92952
[2026-10-06 15:10:33.537] [jointLog] [info] iteration = 3,058 | max rel diff. = 0.00874949
[2026-10-06 15:10:33.575] [jointLog] [info] Finished optimizer
[2026-10-06 15:10:33.575] [jointLog] [info] writing output 

[2026-10-06 15:10:33.933] [jointLog] [warning] NOTE: Read Lib [[ /kaggle/working/Kaggle_test/GSE169241/fastq/SRR14016007.fastq.gz ]] :

Detected a *potential* strand bias > 1% in an unstranded protocol check the file: /kaggle/working/Kaggle_test/GSE169241/salmon_out/SRR14016007/lib_format_counts.json for details

