[2026-10-07 01:26:31.488] [jointLog] [info] setting maxHashResizeThreads to 4
[2026-10-07 01:26:31.488] [jointLog] [info] Fragment incompatibility prior below threshold.  Incompatible fragments will be ignored.
[2026-10-07 01:26:31.488] [jointLog] [info] Usage of --validateMappings implies use of minScoreFraction. Since not explicitly specified, it is being set to 0.65
[2026-10-07 01:26:31.488] [jointLog] [info] Setting consensusSlack to selective-alignment default of 0.35.
[2026-10-07 01:26:31.488] [jointLog] [info] parsing read library format
[2026-10-07 01:26:31.488] [jointLog] [info] There is 1 library.
[2026-10-07 01:26:31.503] [jointLog] [info] Loading pufferfish index
[2026-10-07 01:26:31.504] [jointLog] [info] Loading dense pufferfish index.
[2026-10-07 01:28:54.135] [jointLog] [info] done
[2026-10-07 01:28:54.250] [jointLog] [info] Index contained 238,636 targets
[2026-10-07 01:28:54.356] [jointLog] [info] Number of decoys : 194
[2026-10-07 01:28:54.356] [jointLog] [info] First decoy index : 238,404 
[2026-10-07 01:28:56.525] [jointLog] [info] Automatically detected most likely library type as ISR

[2026-10-07 02:11:41.404] [jointLog] [info] Thread saw mini-batch with a maximum of 2.56% zero probability fragments
[2026-10-07 02:11:41.827] [jointLog] [info] Thread saw mini-batch with a maximum of 2.60% zero probability fragments
[2026-10-07 02:11:42.020] [jointLog] [info] Thread saw mini-batch with a maximum of 2.76% zero probability fragments
[2026-10-07 02:11:42.118] [jointLog] [info] Thread saw mini-batch with a maximum of 2.66% zero probability fragments
[2026-10-07 02:11:42.404] [jointLog] [info] Computed 234,106 rich equivalence classes for further processing
[2026-10-07 02:11:42.404] [jointLog] [info] Counted 6,720,750 total reads in the equivalence classes 
[2026-10-07 02:11:42.406] [jointLog] [info] Number of mappings discarded because of alignment score : 9,273,425
[2026-10-07 02:11:42.406] [jointLog] [info] Number of fragments entirely discarded because of alignment score : 5,936,740
[2026-10-07 02:11:42.406] [jointLog] [info] Number of fragments discarded because they are best-mapped to decoys : 5,459,229
[2026-10-07 02:11:42.406] [jointLog] [info] Number of fragments discarded because they have only dovetail (discordant) mappings to valid targets : 124,360
[2026-10-07 02:11:42.406] [jointLog] [info] Mapping rate = 24.1649%

[2026-10-07 02:11:42.406] [jointLog] [info] finished quantifyLibrary()
[2026-10-07 02:11:42.407] [jointLog] [info] Starting optimizer
[2026-10-07 02:11:42.569] [jointLog] [info] Marked 0 weighted equivalence classes as degenerate
[2026-10-07 02:11:42.623] [jointLog] [info] iteration = 0 | max rel diff. = 2415.35
[2026-10-07 02:11:42.404] [fileLog] [info] 
At end of round 0
==================
Observed 27812034 total fragments (27812034 in most recent round)

[2026-10-07 02:11:47.839] [jointLog] [info] iteration = 100 | max rel diff. = 20.0448
[2026-10-07 02:11:52.945] [jointLog] [info] iteration = 200 | max rel diff. = 9.58936
[2026-10-07 02:11:58.066] [jointLog] [info] iteration = 300 | max rel diff. = 5.99123
[2026-10-07 02:12:03.139] [jointLog] [info] iteration = 400 | max rel diff. = 19.1686
[2026-10-07 02:12:08.269] [jointLog] [info] iteration = 500 | max rel diff. = 0.608609
[2026-10-07 02:12:13.342] [jointLog] [info] iteration = 600 | max rel diff. = 11.2438
[2026-10-07 02:12:18.457] [jointLog] [info] iteration = 700 | max rel diff. = 0.643413
[2026-10-07 02:12:23.546] [jointLog] [info] iteration = 800 | max rel diff. = 0.0856603
[2026-10-07 02:12:28.660] [jointLog] [info] iteration = 900 | max rel diff. = 0.0988048
[2026-10-07 02:12:33.739] [jointLog] [info] iteration = 1,000 | max rel diff. = 0.557979
[2026-10-07 02:12:38.864] [jointLog] [info] iteration = 1,100 | max rel diff. = 0.14609
[2026-10-07 02:12:43.957] [jointLog] [info] iteration = 1,200 | max rel diff. = 0.0708309
[2026-10-07 02:12:49.077] [jointLog] [info] iteration = 1,300 | max rel diff. = 0.256614
[2026-10-07 02:12:54.155] [jointLog] [info] iteration = 1,400 | max rel diff. = 0.205951
[2026-10-07 02:12:59.274] [jointLog] [info] iteration = 1,500 | max rel diff. = 0.649497
[2026-10-07 02:12:59.426] [jointLog] [info] iteration = 1,504 | max rel diff. = 0.00914436
[2026-10-07 02:12:59.461] [jointLog] [info] Finished optimizer
[2026-10-07 02:12:59.461] [jointLog] [info] writing output 

