[2026-10-06 08:23:25.257] [jointLog] [info] setting maxHashResizeThreads to 4
[2026-10-06 08:23:25.257] [jointLog] [info] Fragment incompatibility prior below threshold.  Incompatible fragments will be ignored.
[2026-10-06 08:23:25.257] [jointLog] [info] Usage of --validateMappings implies use of minScoreFraction. Since not explicitly specified, it is being set to 0.65
[2026-10-06 08:23:25.257] [jointLog] [info] Setting consensusSlack to selective-alignment default of 0.35.
[2026-10-06 08:23:25.257] [jointLog] [info] parsing read library format
[2026-10-06 08:23:25.257] [jointLog] [info] There is 1 library.
[2026-10-06 08:23:25.270] [jointLog] [info] Loading pufferfish index
[2026-10-06 08:23:25.277] [jointLog] [info] Loading dense pufferfish index.
[2026-10-06 08:26:37.653] [jointLog] [info] done
[2026-10-06 08:26:37.801] [jointLog] [info] Index contained 238,636 targets
[2026-10-06 08:26:37.918] [jointLog] [info] Number of decoys : 194
[2026-10-06 08:26:37.918] [jointLog] [info] First decoy index : 238,404 
[2026-10-06 08:28:52.709] [jointLog] [info] Computed 104,440 rich equivalence classes for further processing
[2026-10-06 08:28:52.709] [jointLog] [info] Counted 6,491,988 total reads in the equivalence classes 
[2026-10-06 08:28:52.713] [jointLog] [info] Number of mappings discarded because of alignment score : 2,846,859
[2026-10-06 08:28:52.713] [jointLog] [info] Number of fragments entirely discarded because of alignment score : 362,834
[2026-10-06 08:28:52.713] [jointLog] [info] Number of fragments discarded because they are best-mapped to decoys : 200,269
[2026-10-06 08:28:52.713] [jointLog] [info] Number of fragments discarded because they have only dovetail (discordant) mappings to valid targets : 0
[2026-10-06 08:28:52.713] [jointLog] [info] Mapping rate = 71.7544%

[2026-10-06 08:28:52.713] [jointLog] [info] finished quantifyLibrary()
[2026-10-06 08:28:52.715] [jointLog] [info] Starting optimizer
[2026-10-06 08:28:52.841] [jointLog] [info] Marked 0 weighted equivalence classes as degenerate
[2026-10-06 08:28:52.882] [jointLog] [info] iteration = 0 | max rel diff. = 2364.59
[2026-10-06 08:28:52.710] [fileLog] [info] 
At end of round 0
==================
Observed 9047511 total fragments (9047511 in most recent round)

[2026-10-06 08:28:56.625] [jointLog] [info] iteration = 100 | max rel diff. = 20.5906
[2026-10-06 08:29:00.284] [jointLog] [info] iteration = 200 | max rel diff. = 12.8639
[2026-10-06 08:29:03.936] [jointLog] [info] iteration = 300 | max rel diff. = 20.0015
[2026-10-06 08:29:07.616] [jointLog] [info] iteration = 400 | max rel diff. = 3.74158
[2026-10-06 08:29:11.269] [jointLog] [info] iteration = 500 | max rel diff. = 0.220879
[2026-10-06 08:29:14.927] [jointLog] [info] iteration = 600 | max rel diff. = 11.6756
[2026-10-06 08:29:18.604] [jointLog] [info] iteration = 700 | max rel diff. = 17.5773
[2026-10-06 08:29:22.244] [jointLog] [info] iteration = 800 | max rel diff. = 0.58392
[2026-10-06 08:29:25.962] [jointLog] [info] iteration = 900 | max rel diff. = 0.116984
[2026-10-06 08:29:29.620] [jointLog] [info] iteration = 1,000 | max rel diff. = 0.020787
[2026-10-06 08:29:33.262] [jointLog] [info] iteration = 1,100 | max rel diff. = 0.133809
[2026-10-06 08:29:36.936] [jointLog] [info] iteration = 1,200 | max rel diff. = 0.026331
[2026-10-06 08:29:40.584] [jointLog] [info] iteration = 1,300 | max rel diff. = 0.0158118
[2026-10-06 08:29:44.225] [jointLog] [info] iteration = 1,400 | max rel diff. = 0.0217321
[2026-10-06 08:29:46.158] [jointLog] [info] iteration = 1,453 | max rel diff. = 0.00962267
[2026-10-06 08:29:46.194] [jointLog] [info] Finished optimizer
[2026-10-06 08:29:46.194] [jointLog] [info] writing output 

[2026-10-06 08:29:46.555] [jointLog] [warning] NOTE: Read Lib [[ /kaggle/working/Kaggle_test/GSE149312/fastq/SRR11614675_1.fastq.gz, /kaggle/working/Kaggle_test/GSE149312/fastq/SRR11614675_2.fastq.gz]] :

Found no concordant and consistent mappings. If this is a paired-end library, are you sure the reads are properly paired? check the file: /kaggle/working/Kaggle_test/GSE149312/salmon_out/SRR11614675/lib_format_counts.json for details

