[2026-05-23 04:25:08.351] [jointLog] [info] setting maxHashResizeThreads to 14
[2026-05-23 04:25:08.351] [jointLog] [info] Fragment incompatibility prior below threshold.  Incompatible fragments will be ignored.
[2026-05-23 04:25:08.351] [jointLog] [info] Usage of --validateMappings implies use of minScoreFraction. Since not explicitly specified, it is being set to 0.65
[2026-05-23 04:25:08.351] [jointLog] [info] Setting consensusSlack to selective-alignment default of 0.35.
[2026-05-23 04:25:08.351] [jointLog] [info] parsing read library format
[2026-05-23 04:25:08.351] [jointLog] [info] There is 1 library.
[2026-05-23 04:25:08.351] [jointLog] [info] Loading pufferfish index
[2026-05-23 04:25:08.352] [jointLog] [info] Loading dense pufferfish index.
[2026-05-23 04:25:52.035] [jointLog] [info] done
[2026-05-23 04:25:52.201] [jointLog] [info] Index contained 238,636 targets
[2026-05-23 04:25:52.518] [jointLog] [info] Number of decoys : 194
[2026-05-23 04:25:52.518] [jointLog] [info] First decoy index : 238,404 
[2026-05-23 04:26:01.195] [jointLog] [info] Automatically detected most likely library type as ISR

[2026-05-23 04:41:27.455] [jointLog] [info] Thread saw mini-batch with a maximum of 1.34% zero probability fragments
[2026-05-23 04:41:27.502] [jointLog] [info] Thread saw mini-batch with a maximum of 1.30% zero probability fragments
[2026-05-23 04:41:27.560] [jointLog] [info] Thread saw mini-batch with a maximum of 1.38% zero probability fragments
[2026-05-23 04:41:27.608] [jointLog] [info] Thread saw mini-batch with a maximum of 1.26% zero probability fragments
[2026-05-23 04:41:27.766] [jointLog] [info] Thread saw mini-batch with a maximum of 1.40% zero probability fragments
[2026-05-23 04:41:27.885] [jointLog] [info] Thread saw mini-batch with a maximum of 1.32% zero probability fragments
[2026-05-23 04:41:27.961] [jointLog] [info] Thread saw mini-batch with a maximum of 1.32% zero probability fragments
[2026-05-23 04:41:28.029] [jointLog] [info] Thread saw mini-batch with a maximum of 1.38% zero probability fragments
[2026-05-23 04:41:28.055] [jointLog] [info] Thread saw mini-batch with a maximum of 1.38% zero probability fragments
[2026-05-23 04:41:28.084] [jointLog] [info] Thread saw mini-batch with a maximum of 1.38% zero probability fragments
[2026-05-23 04:41:28.097] [jointLog] [info] Thread saw mini-batch with a maximum of 1.34% zero probability fragments
[2026-05-23 04:41:28.146] [jointLog] [info] Thread saw mini-batch with a maximum of 1.32% zero probability fragments
[2026-05-23 04:41:28.162] [jointLog] [info] Thread saw mini-batch with a maximum of 1.38% zero probability fragments
[2026-05-23 04:41:28.183] [jointLog] [info] Thread saw mini-batch with a maximum of 1.42% zero probability fragments
[2026-05-23 04:41:30.096] [jointLog] [info] Computed 724,220 rich equivalence classes for further processing
[2026-05-23 04:41:30.097] [jointLog] [info] Counted 25,467,141 total reads in the equivalence classes 
[2026-05-23 04:41:30.113] [jointLog] [info] Number of mappings discarded because of alignment score : 12,314,924
[2026-05-23 04:41:30.113] [jointLog] [info] Number of fragments entirely discarded because of alignment score : 2,674,307
[2026-05-23 04:41:30.113] [jointLog] [info] Number of fragments discarded because they are best-mapped to decoys : 2,539,340
[2026-05-23 04:41:30.113] [jointLog] [info] Number of fragments discarded because they have only dovetail (discordant) mappings to valid targets : 200,484
[2026-05-23 04:41:30.113] [jointLog] [info] Mapping rate = 62.968%

[2026-05-23 04:41:30.113] [jointLog] [info] finished quantifyLibrary()
[2026-05-23 04:41:30.119] [jointLog] [info] Starting optimizer
[2026-05-23 04:41:30.097] [fileLog] [info] 
At end of round 0
==================
Observed 40444550 total fragments (40444550 in most recent round)

[2026-05-23 04:41:30.689] [jointLog] [info] Marked 0 weighted equivalence classes as degenerate
[2026-05-23 04:41:30.720] [jointLog] [info] iteration = 0 | max rel diff. = 5230.4
[2026-05-23 04:41:33.830] [jointLog] [info] iteration = 100 | max rel diff. = 19.4537
[2026-05-23 04:41:36.936] [jointLog] [info] iteration = 200 | max rel diff. = 17.6494
[2026-05-23 04:41:40.058] [jointLog] [info] iteration = 300 | max rel diff. = 19.0886
[2026-05-23 04:41:43.194] [jointLog] [info] iteration = 400 | max rel diff. = 18.4709
[2026-05-23 04:41:46.316] [jointLog] [info] iteration = 500 | max rel diff. = 2.35696
[2026-05-23 04:41:49.460] [jointLog] [info] iteration = 600 | max rel diff. = 13.5314
[2026-05-23 04:41:52.634] [jointLog] [info] iteration = 700 | max rel diff. = 0.293088
[2026-05-23 04:41:55.787] [jointLog] [info] iteration = 800 | max rel diff. = 1.58467
[2026-05-23 04:42:00.868] [jointLog] [info] iteration = 900 | max rel diff. = 2.14886
[2026-05-23 04:42:16.952] [jointLog] [info] iteration = 1,000 | max rel diff. = 0.957302
[2026-05-23 04:42:32.938] [jointLog] [info] iteration = 1,100 | max rel diff. = 1.3361
[2026-05-23 04:42:48.975] [jointLog] [info] iteration = 1,200 | max rel diff. = 1.23174
[2026-05-23 04:43:04.875] [jointLog] [info] iteration = 1,300 | max rel diff. = 0.172056
[2026-05-23 04:43:20.858] [jointLog] [info] iteration = 1,400 | max rel diff. = 0.412835
[2026-05-23 04:43:33.673] [jointLog] [info] iteration = 1,500 | max rel diff. = 1.36338
[2026-05-23 04:43:36.674] [jointLog] [info] iteration = 1,600 | max rel diff. = 0.451813
[2026-05-23 04:43:39.683] [jointLog] [info] iteration = 1,700 | max rel diff. = 0.520665
[2026-05-23 04:43:42.704] [jointLog] [info] iteration = 1,800 | max rel diff. = 7.32643
[2026-05-23 04:43:45.716] [jointLog] [info] iteration = 1,900 | max rel diff. = 1.2705
[2026-05-23 04:43:48.736] [jointLog] [info] iteration = 2,000 | max rel diff. = 0.0667671
[2026-05-23 04:43:51.765] [jointLog] [info] iteration = 2,100 | max rel diff. = 0.100647
[2026-05-23 04:43:54.819] [jointLog] [info] iteration = 2,200 | max rel diff. = 0.150288
[2026-05-23 04:43:57.895] [jointLog] [info] iteration = 2,300 | max rel diff. = 0.0622855
[2026-05-23 04:44:00.963] [jointLog] [info] iteration = 2,400 | max rel diff. = 0.012785
[2026-05-23 04:44:04.055] [jointLog] [info] iteration = 2,500 | max rel diff. = 0.0339518
[2026-05-23 04:44:07.125] [jointLog] [info] iteration = 2,600 | max rel diff. = 0.0576865
[2026-05-23 04:44:10.202] [jointLog] [info] iteration = 2,700 | max rel diff. = 0.193423
[2026-05-23 04:44:10.509] [jointLog] [info] iteration = 2,711 | max rel diff. = 0.00292116
[2026-05-23 04:44:10.516] [jointLog] [info] Finished optimizer
[2026-05-23 04:44:10.516] [jointLog] [info] writing output 

