[2026-10-06 09:38:06.767] [jointLog] [info] setting maxHashResizeThreads to 4
[2026-10-06 09:38:06.767] [jointLog] [info] Fragment incompatibility prior below threshold.  Incompatible fragments will be ignored.
[2026-10-06 09:38:06.767] [jointLog] [info] Usage of --validateMappings implies use of minScoreFraction. Since not explicitly specified, it is being set to 0.65
[2026-10-06 09:38:06.767] [jointLog] [info] Setting consensusSlack to selective-alignment default of 0.35.
[2026-10-06 09:38:06.767] [jointLog] [info] parsing read library format
[2026-10-06 09:38:06.767] [jointLog] [info] There is 1 library.
[2026-10-06 09:38:06.777] [jointLog] [info] Loading pufferfish index
[2026-10-06 09:38:06.782] [jointLog] [info] Loading dense pufferfish index.
[2026-10-06 09:40:44.684] [jointLog] [info] done
[2026-10-06 09:40:44.801] [jointLog] [info] Index contained 238,636 targets
[2026-10-06 09:40:44.910] [jointLog] [info] Number of decoys : 194
[2026-10-06 09:40:44.910] [jointLog] [info] First decoy index : 238,404 
[2026-10-06 09:40:45.434] [jointLog] [info] Automatically detected most likely library type as ISR

[2026-10-06 09:51:26.869] [jointLog] [info] Thread saw mini-batch with a maximum of 0.86% zero probability fragments
[2026-10-06 09:51:26.899] [jointLog] [info] Thread saw mini-batch with a maximum of 0.88% zero probability fragments
[2026-10-06 09:51:26.908] [jointLog] [info] Thread saw mini-batch with a maximum of 0.84% zero probability fragments
[2026-10-06 09:51:27.074] [jointLog] [info] Thread saw mini-batch with a maximum of 0.84% zero probability fragments
[2026-10-06 09:51:28.966] [fileLog] [info] 
At end of round 0
==================
Observed 28874840 total fragments (28874840 in most recent round)

[2026-10-06 09:51:28.965] [jointLog] [info] Computed 708,739 rich equivalence classes for further processing
[2026-10-06 09:51:28.965] [jointLog] [info] Counted 24,568,423 total reads in the equivalence classes 
[2026-10-06 09:51:28.973] [jointLog] [info] Number of mappings discarded because of alignment score : 11,643,257
[2026-10-06 09:51:28.973] [jointLog] [info] Number of fragments entirely discarded because of alignment score : 763,761
[2026-10-06 09:51:28.973] [jointLog] [info] Number of fragments discarded because they are best-mapped to decoys : 686,240
[2026-10-06 09:51:28.973] [jointLog] [info] Number of fragments discarded because they have only dovetail (discordant) mappings to valid targets : 69,205
[2026-10-06 09:51:28.973] [jointLog] [info] Mapping rate = 85.0859%

[2026-10-06 09:51:28.973] [jointLog] [info] finished quantifyLibrary()
[2026-10-06 09:51:28.974] [jointLog] [info] Starting optimizer
[2026-10-06 09:51:29.454] [jointLog] [info] Marked 0 weighted equivalence classes as degenerate
[2026-10-06 09:51:29.576] [jointLog] [info] iteration = 0 | max rel diff. = 5228.06
[2026-10-06 09:51:41.658] [jointLog] [info] iteration = 100 | max rel diff. = 21.0485
[2026-10-06 09:51:53.609] [jointLog] [info] iteration = 200 | max rel diff. = 20.5732
[2026-10-06 09:52:05.582] [jointLog] [info] iteration = 300 | max rel diff. = 15.9051
[2026-10-06 09:52:17.551] [jointLog] [info] iteration = 400 | max rel diff. = 8.13269
[2026-10-06 09:52:29.525] [jointLog] [info] iteration = 500 | max rel diff. = 3.958
[2026-10-06 09:52:41.611] [jointLog] [info] iteration = 600 | max rel diff. = 0.747264
[2026-10-06 09:52:53.579] [jointLog] [info] iteration = 700 | max rel diff. = 8.73919
[2026-10-06 09:53:05.677] [jointLog] [info] iteration = 800 | max rel diff. = 4.17988
[2026-10-06 09:53:17.730] [jointLog] [info] iteration = 900 | max rel diff. = 9.95619
[2026-10-06 09:53:29.795] [jointLog] [info] iteration = 1,000 | max rel diff. = 2.85043
[2026-10-06 09:53:41.923] [jointLog] [info] iteration = 1,100 | max rel diff. = 0.444441
[2026-10-06 09:53:53.869] [jointLog] [info] iteration = 1,200 | max rel diff. = 3.83754
[2026-10-06 09:54:05.838] [jointLog] [info] iteration = 1,300 | max rel diff. = 3.81646
[2026-10-06 09:54:17.729] [jointLog] [info] iteration = 1,400 | max rel diff. = 0.0828754
[2026-10-06 09:54:32.941] [jointLog] [info] iteration = 1,500 | max rel diff. = 15.6361
[2026-10-06 09:54:44.848] [jointLog] [info] iteration = 1,600 | max rel diff. = 0.680078
[2026-10-06 09:54:56.786] [jointLog] [info] iteration = 1,700 | max rel diff. = 0.0476235
[2026-10-06 09:55:08.840] [jointLog] [info] iteration = 1,800 | max rel diff. = 17.9902
[2026-10-06 09:55:20.915] [jointLog] [info] iteration = 1,900 | max rel diff. = 0.411933
[2026-10-06 09:55:33.002] [jointLog] [info] iteration = 2,000 | max rel diff. = 0.143821
[2026-10-06 09:55:44.945] [jointLog] [info] iteration = 2,100 | max rel diff. = 0.0460281
[2026-10-06 09:55:56.942] [jointLog] [info] iteration = 2,200 | max rel diff. = 0.0853505
[2026-10-06 09:56:08.912] [jointLog] [info] iteration = 2,300 | max rel diff. = 0.0359208
[2026-10-06 09:56:20.893] [jointLog] [info] iteration = 2,400 | max rel diff. = 0.102957
[2026-10-06 09:56:32.873] [jointLog] [info] iteration = 2,500 | max rel diff. = 0.441803
[2026-10-06 09:56:44.836] [jointLog] [info] iteration = 2,600 | max rel diff. = 0.0314793
[2026-10-06 09:56:56.696] [jointLog] [info] iteration = 2,700 | max rel diff. = 0.0275201
[2026-10-06 09:57:08.687] [jointLog] [info] iteration = 2,800 | max rel diff. = 0.0335971
[2026-10-06 09:57:20.763] [jointLog] [info] iteration = 2,900 | max rel diff. = 0.650713
[2026-10-06 09:57:32.778] [jointLog] [info] iteration = 3,000 | max rel diff. = 0.184772
[2026-10-06 09:57:41.409] [jointLog] [info] iteration = 3,073 | max rel diff. = 0.00863932
[2026-10-06 09:57:41.458] [jointLog] [info] Finished optimizer
[2026-10-06 09:57:41.458] [jointLog] [info] writing output 

